Archive member included to satisfy reference by file (symbol)

c:/program files (x86)/gnu tools arm embedded/5.4 2016q3/bin/../lib/gcc/arm-none-eabi/5.4.1/../../../../arm-none-eabi/lib/armv7-m\libg.a(lib_a-exit.o)
                              c:/program files (x86)/gnu tools arm embedded/5.4 2016q3/bin/../lib/gcc/arm-none-eabi/5.4.1/../../../../arm-none-eabi/lib/armv7-m/crt0.o (exit)
c:/program files (x86)/gnu tools arm embedded/5.4 2016q3/bin/../lib/gcc/arm-none-eabi/5.4.1/../../../../arm-none-eabi/lib/armv7-m\libg.a(lib_a-impure.o)
                              c:/program files (x86)/gnu tools arm embedded/5.4 2016q3/bin/../lib/gcc/arm-none-eabi/5.4.1/../../../../arm-none-eabi/lib/armv7-m\libg.a(lib_a-exit.o) (_global_impure_ptr)
c:/program files (x86)/gnu tools arm embedded/5.4 2016q3/bin/../lib/gcc/arm-none-eabi/5.4.1/../../../../arm-none-eabi/lib/armv7-m\libg.a(lib_a-init.o)
                              c:/program files (x86)/gnu tools arm embedded/5.4 2016q3/bin/../lib/gcc/arm-none-eabi/5.4.1/../../../../arm-none-eabi/lib/armv7-m/crt0.o (__libc_init_array)
c:/program files (x86)/gnu tools arm embedded/5.4 2016q3/bin/../lib/gcc/arm-none-eabi/5.4.1/../../../../arm-none-eabi/lib/armv7-m\libg.a(lib_a-memset.o)
                              c:/program files (x86)/gnu tools arm embedded/5.4 2016q3/bin/../lib/gcc/arm-none-eabi/5.4.1/../../../../arm-none-eabi/lib/armv7-m/crt0.o (memset)
c:/program files (x86)/gnu tools arm embedded/5.4 2016q3/bin/../lib/gcc/arm-none-eabi/5.4.1/../../../../arm-none-eabi/lib/armv7-m\libg.a(lib_a-__call_atexit.o)
                              c:/program files (x86)/gnu tools arm embedded/5.4 2016q3/bin/../lib/gcc/arm-none-eabi/5.4.1/../../../../arm-none-eabi/lib/armv7-m\libg.a(lib_a-exit.o) (__call_exitprocs)
c:/program files (x86)/gnu tools arm embedded/5.4 2016q3/bin/../lib/gcc/arm-none-eabi/5.4.1/../../../../arm-none-eabi/lib/armv7-m\libg.a(lib_a-atexit.o)
                              c:/program files (x86)/gnu tools arm embedded/5.4 2016q3/bin/../lib/gcc/arm-none-eabi/5.4.1/../../../../arm-none-eabi/lib/armv7-m\libg.a(lib_a-__call_atexit.o) (atexit)
c:/program files (x86)/gnu tools arm embedded/5.4 2016q3/bin/../lib/gcc/arm-none-eabi/5.4.1/../../../../arm-none-eabi/lib/armv7-m\libg.a(lib_a-fini.o)
                              c:/program files (x86)/gnu tools arm embedded/5.4 2016q3/bin/../lib/gcc/arm-none-eabi/5.4.1/../../../../arm-none-eabi/lib/armv7-m\libg.a(lib_a-__call_atexit.o) (__libc_fini_array)
c:/program files (x86)/gnu tools arm embedded/5.4 2016q3/bin/../lib/gcc/arm-none-eabi/5.4.1/../../../../arm-none-eabi/lib/armv7-m\libg.a(lib_a-__atexit.o)
                              c:/program files (x86)/gnu tools arm embedded/5.4 2016q3/bin/../lib/gcc/arm-none-eabi/5.4.1/../../../../arm-none-eabi/lib/armv7-m\libg.a(lib_a-atexit.o) (__register_exitproc)

Allocating common symbols
Common symbol       size              file

hUsbDeviceFS        0x224             ..\obj\usb_device.o
pFlash              0x20              ..\obj\stm32f1xx_hal_flash.o
htim1               0x3c              ..\obj\main.o
hpcd_USB_FS         0x420             ..\obj\usbd_conf.o
USBD_StrDesc        0x200             ..\obj\usbd_desc.o

Discarded input sections

 .text          0x00000000        0x0 c:/program files (x86)/gnu tools arm embedded/5.4 2016q3/bin/../lib/gcc/arm-none-eabi/5.4.1/armv7-m/crti.o
 .data          0x00000000        0x0 c:/program files (x86)/gnu tools arm embedded/5.4 2016q3/bin/../lib/gcc/arm-none-eabi/5.4.1/armv7-m/crti.o
 .bss           0x00000000        0x0 c:/program files (x86)/gnu tools arm embedded/5.4 2016q3/bin/../lib/gcc/arm-none-eabi/5.4.1/armv7-m/crti.o
 .data          0x00000000        0x4 c:/program files (x86)/gnu tools arm embedded/5.4 2016q3/bin/../lib/gcc/arm-none-eabi/5.4.1/armv7-m/crtbegin.o
 .text          0x00000000       0x74 c:/program files (x86)/gnu tools arm embedded/5.4 2016q3/bin/../lib/gcc/arm-none-eabi/5.4.1/../../../../arm-none-eabi/lib/armv7-m/crt0.o
 .data          0x00000000        0x0 c:/program files (x86)/gnu tools arm embedded/5.4 2016q3/bin/../lib/gcc/arm-none-eabi/5.4.1/../../../../arm-none-eabi/lib/armv7-m/crt0.o
 .bss           0x00000000        0x0 c:/program files (x86)/gnu tools arm embedded/5.4 2016q3/bin/../lib/gcc/arm-none-eabi/5.4.1/../../../../arm-none-eabi/lib/armv7-m/crt0.o
 .ARM.extab     0x00000000        0x0 c:/program files (x86)/gnu tools arm embedded/5.4 2016q3/bin/../lib/gcc/arm-none-eabi/5.4.1/../../../../arm-none-eabi/lib/armv7-m/crt0.o
 .ARM.exidx     0x00000000        0x8 c:/program files (x86)/gnu tools arm embedded/5.4 2016q3/bin/../lib/gcc/arm-none-eabi/5.4.1/../../../../arm-none-eabi/lib/armv7-m/crt0.o
 .ARM.attributes
                0x00000000       0x1b c:/program files (x86)/gnu tools arm embedded/5.4 2016q3/bin/../lib/gcc/arm-none-eabi/5.4.1/../../../../arm-none-eabi/lib/armv7-m/crt0.o
 .data          0x00000000        0x0 ..\obj\stm32f1xx_hal_cortex.o
 .bss           0x00000000        0x0 ..\obj\stm32f1xx_hal_cortex.o
 .data          0x00000000        0x0 ..\obj\stm32f1xx_hal_tim_ex.o
 .bss           0x00000000        0x0 ..\obj\stm32f1xx_hal_tim_ex.o
 .data          0x00000000        0x0 ..\obj\stm32f1xx_hal_rcc_ex.o
 .bss           0x00000000        0x0 ..\obj\stm32f1xx_hal_rcc_ex.o
 .data          0x00000000        0x0 ..\obj\stm32f1xx_hal.o
 .text          0x00000000       0x64 ..\obj\stm32f1xx_hal_gpio_ex.o
 .data          0x00000000        0x0 ..\obj\stm32f1xx_hal_gpio_ex.o
 .bss           0x00000000        0x0 ..\obj\stm32f1xx_hal_gpio_ex.o
 .debug_info    0x00000000      0x183 ..\obj\stm32f1xx_hal_gpio_ex.o
 .debug_abbrev  0x00000000       0xcb ..\obj\stm32f1xx_hal_gpio_ex.o
 .debug_aranges
                0x00000000       0x20 ..\obj\stm32f1xx_hal_gpio_ex.o
 .debug_line    0x00000000      0x207 ..\obj\stm32f1xx_hal_gpio_ex.o
 .debug_str     0x00000000      0x270 ..\obj\stm32f1xx_hal_gpio_ex.o
 .comment       0x00000000       0x6f ..\obj\stm32f1xx_hal_gpio_ex.o
 .debug_frame   0x00000000       0x78 ..\obj\stm32f1xx_hal_gpio_ex.o
 .ARM.attributes
                0x00000000       0x33 ..\obj\stm32f1xx_hal_gpio_ex.o
 .bss           0x00000000        0x0 ..\obj\usbd_hid.o
 .data          0x00000000        0x0 ..\obj\main.o
 .text          0x00000000       0x14 ..\obj\startup_stm32f10x_md.o
 .data          0x00000000        0x0 ..\obj\startup_stm32f10x_md.o
 .bss           0x00000000        0x0 ..\obj\startup_stm32f10x_md.o
 .data          0x00000000        0x0 ..\obj\stm32f1xx_hal_dma.o
 .bss           0x00000000        0x0 ..\obj\stm32f1xx_hal_dma.o
 .bss           0x00000000        0x0 ..\obj\system_stm32f1xx.o
 .text          0x00000000      0x7a8 ..\obj\stm32f1xx_hal_flash_ex.o
 .data          0x00000000        0x0 ..\obj\stm32f1xx_hal_flash_ex.o
 .bss           0x00000000        0x0 ..\obj\stm32f1xx_hal_flash_ex.o
 .debug_info    0x00000000      0x7ad ..\obj\stm32f1xx_hal_flash_ex.o
 .debug_abbrev  0x00000000      0x238 ..\obj\stm32f1xx_hal_flash_ex.o
 .debug_aranges
                0x00000000       0x20 ..\obj\stm32f1xx_hal_flash_ex.o
 .debug_line    0x00000000      0x3fb ..\obj\stm32f1xx_hal_flash_ex.o
 .debug_str     0x00000000      0x62c ..\obj\stm32f1xx_hal_flash_ex.o
 .comment       0x00000000       0x6f ..\obj\stm32f1xx_hal_flash_ex.o
 .debug_frame   0x00000000      0x238 ..\obj\stm32f1xx_hal_flash_ex.o
 .ARM.attributes
                0x00000000       0x33 ..\obj\stm32f1xx_hal_flash_ex.o
 .data          0x00000000        0x0 ..\obj\stm32f1xx_hal_gpio.o
 .bss           0x00000000        0x0 ..\obj\stm32f1xx_hal_gpio.o
 .bss           0x00000000        0x0 ..\obj\usbd_desc.o
 .data          0x00000000        0x0 ..\obj\stm32f1xx_hal_pcd.o
 .bss           0x00000000        0x0 ..\obj\stm32f1xx_hal_pcd.o
 .data          0x00000000        0x0 ..\obj\stm32f1xx_it.o
 .bss           0x00000000        0x0 ..\obj\stm32f1xx_it.o
 .data          0x00000000        0x0 ..\obj\usbd_conf.o
 .data          0x00000000        0x0 ..\obj\usbd_ioreq.o
 .bss           0x00000000        0x0 ..\obj\usbd_ioreq.o
 .data          0x00000000        0x0 ..\obj\usb_device.o
 .bss           0x00000000        0x0 ..\obj\usb_device.o
 .data          0x00000000        0x0 ..\obj\usbd_ctlreq.o
 .data          0x00000000        0x0 ..\obj\usbd_core.o
 .bss           0x00000000        0x0 ..\obj\usbd_core.o
 .data          0x00000000        0x0 ..\obj\stm32f1xx_hal_pcd_ex.o
 .bss           0x00000000        0x0 ..\obj\stm32f1xx_hal_pcd_ex.o
 .data          0x00000000        0x0 ..\obj\stm32f1xx_ll_usb.o
 .bss           0x00000000        0x0 ..\obj\stm32f1xx_ll_usb.o
 .data          0x00000000        0x0 ..\obj\stm32f1xx_hal_msp.o
 .bss           0x00000000        0x0 ..\obj\stm32f1xx_hal_msp.o
 .text          0x00000000      0x55c ..\obj\stm32f1xx_hal_flash.o
 .data          0x00000000        0x0 ..\obj\stm32f1xx_hal_flash.o
 .bss           0x00000000        0x0 ..\obj\stm32f1xx_hal_flash.o
 .debug_info    0x00000000      0x4e8 ..\obj\stm32f1xx_hal_flash.o
 .debug_abbrev  0x00000000      0x1df ..\obj\stm32f1xx_hal_flash.o
 .debug_aranges
                0x00000000       0x20 ..\obj\stm32f1xx_hal_flash.o
 .debug_line    0x00000000      0x3ae ..\obj\stm32f1xx_hal_flash.o
 .debug_str     0x00000000      0x511 ..\obj\stm32f1xx_hal_flash.o
 .comment       0x00000000       0x6f ..\obj\stm32f1xx_hal_flash.o
 .debug_frame   0x00000000      0x204 ..\obj\stm32f1xx_hal_flash.o
 .ARM.attributes
                0x00000000       0x33 ..\obj\stm32f1xx_hal_flash.o
 COMMON         0x00000000       0x20 ..\obj\stm32f1xx_hal_flash.o
 .data          0x00000000        0x0 ..\obj\stm32f1xx_hal_tim.o
 .bss           0x00000000        0x0 ..\obj\stm32f1xx_hal_tim.o
 .text          0x00000000      0x3a0 ..\obj\stm32f1xx_hal_pwr.o
 .data          0x00000000        0x0 ..\obj\stm32f1xx_hal_pwr.o
 .bss           0x00000000        0x0 ..\obj\stm32f1xx_hal_pwr.o
 .debug_info    0x00000000      0x79a ..\obj\stm32f1xx_hal_pwr.o
 .debug_abbrev  0x00000000      0x225 ..\obj\stm32f1xx_hal_pwr.o
 .debug_aranges
                0x00000000       0x20 ..\obj\stm32f1xx_hal_pwr.o
 .debug_line    0x00000000      0x363 ..\obj\stm32f1xx_hal_pwr.o
 .debug_str     0x00000000      0x4c6 ..\obj\stm32f1xx_hal_pwr.o
 .comment       0x00000000       0x6f ..\obj\stm32f1xx_hal_pwr.o
 .debug_frame   0x00000000      0x290 ..\obj\stm32f1xx_hal_pwr.o
 .ARM.attributes
                0x00000000       0x33 ..\obj\stm32f1xx_hal_pwr.o
 .data          0x00000000        0x0 ..\obj\stm32f1xx_hal_rcc.o
 .bss           0x00000000        0x0 ..\obj\stm32f1xx_hal_rcc.o
 .text          0x00000000        0x0 c:/program files (x86)/gnu tools arm embedded/5.4 2016q3/bin/../lib/gcc/arm-none-eabi/5.4.1/../../../../arm-none-eabi/lib/armv7-m\libg.a(lib_a-exit.o)
 .data          0x00000000        0x0 c:/program files (x86)/gnu tools arm embedded/5.4 2016q3/bin/../lib/gcc/arm-none-eabi/5.4.1/../../../../arm-none-eabi/lib/armv7-m\libg.a(lib_a-exit.o)
 .bss           0x00000000        0x0 c:/program files (x86)/gnu tools arm embedded/5.4 2016q3/bin/../lib/gcc/arm-none-eabi/5.4.1/../../../../arm-none-eabi/lib/armv7-m\libg.a(lib_a-exit.o)
 .text.exit     0x00000000       0x20 c:/program files (x86)/gnu tools arm embedded/5.4 2016q3/bin/../lib/gcc/arm-none-eabi/5.4.1/../../../../arm-none-eabi/lib/armv7-m\libg.a(lib_a-exit.o)
 .debug_frame   0x00000000       0x28 c:/program files (x86)/gnu tools arm embedded/5.4 2016q3/bin/../lib/gcc/arm-none-eabi/5.4.1/../../../../arm-none-eabi/lib/armv7-m\libg.a(lib_a-exit.o)
 .ARM.attributes
                0x00000000       0x2d c:/program files (x86)/gnu tools arm embedded/5.4 2016q3/bin/../lib/gcc/arm-none-eabi/5.4.1/../../../../arm-none-eabi/lib/armv7-m\libg.a(lib_a-exit.o)
 .text          0x00000000        0x0 c:/program files (x86)/gnu tools arm embedded/5.4 2016q3/bin/../lib/gcc/arm-none-eabi/5.4.1/../../../../arm-none-eabi/lib/armv7-m\libg.a(lib_a-impure.o)
 .data          0x00000000        0x0 c:/program files (x86)/gnu tools arm embedded/5.4 2016q3/bin/../lib/gcc/arm-none-eabi/5.4.1/../../../../arm-none-eabi/lib/armv7-m\libg.a(lib_a-impure.o)
 .bss           0x00000000        0x0 c:/program files (x86)/gnu tools arm embedded/5.4 2016q3/bin/../lib/gcc/arm-none-eabi/5.4.1/../../../../arm-none-eabi/lib/armv7-m\libg.a(lib_a-impure.o)
 .data._impure_ptr
                0x00000000        0x4 c:/program files (x86)/gnu tools arm embedded/5.4 2016q3/bin/../lib/gcc/arm-none-eabi/5.4.1/../../../../arm-none-eabi/lib/armv7-m\libg.a(lib_a-impure.o)
 .text          0x00000000        0x0 c:/program files (x86)/gnu tools arm embedded/5.4 2016q3/bin/../lib/gcc/arm-none-eabi/5.4.1/../../../../arm-none-eabi/lib/armv7-m\libg.a(lib_a-init.o)
 .data          0x00000000        0x0 c:/program files (x86)/gnu tools arm embedded/5.4 2016q3/bin/../lib/gcc/arm-none-eabi/5.4.1/../../../../arm-none-eabi/lib/armv7-m\libg.a(lib_a-init.o)
 .bss           0x00000000        0x0 c:/program files (x86)/gnu tools arm embedded/5.4 2016q3/bin/../lib/gcc/arm-none-eabi/5.4.1/../../../../arm-none-eabi/lib/armv7-m\libg.a(lib_a-init.o)
 .text.__libc_init_array
                0x00000000       0x50 c:/program files (x86)/gnu tools arm embedded/5.4 2016q3/bin/../lib/gcc/arm-none-eabi/5.4.1/../../../../arm-none-eabi/lib/armv7-m\libg.a(lib_a-init.o)
 .debug_frame   0x00000000       0x2c c:/program files (x86)/gnu tools arm embedded/5.4 2016q3/bin/../lib/gcc/arm-none-eabi/5.4.1/../../../../arm-none-eabi/lib/armv7-m\libg.a(lib_a-init.o)
 .ARM.attributes
                0x00000000       0x2d c:/program files (x86)/gnu tools arm embedded/5.4 2016q3/bin/../lib/gcc/arm-none-eabi/5.4.1/../../../../arm-none-eabi/lib/armv7-m\libg.a(lib_a-init.o)
 .text          0x00000000        0x0 c:/program files (x86)/gnu tools arm embedded/5.4 2016q3/bin/../lib/gcc/arm-none-eabi/5.4.1/../../../../arm-none-eabi/lib/armv7-m\libg.a(lib_a-memset.o)
 .data          0x00000000        0x0 c:/program files (x86)/gnu tools arm embedded/5.4 2016q3/bin/../lib/gcc/arm-none-eabi/5.4.1/../../../../arm-none-eabi/lib/armv7-m\libg.a(lib_a-memset.o)
 .bss           0x00000000        0x0 c:/program files (x86)/gnu tools arm embedded/5.4 2016q3/bin/../lib/gcc/arm-none-eabi/5.4.1/../../../../arm-none-eabi/lib/armv7-m\libg.a(lib_a-memset.o)
 .text.memset   0x00000000       0x9c c:/program files (x86)/gnu tools arm embedded/5.4 2016q3/bin/../lib/gcc/arm-none-eabi/5.4.1/../../../../arm-none-eabi/lib/armv7-m\libg.a(lib_a-memset.o)
 .debug_frame   0x00000000       0x34 c:/program files (x86)/gnu tools arm embedded/5.4 2016q3/bin/../lib/gcc/arm-none-eabi/5.4.1/../../../../arm-none-eabi/lib/armv7-m\libg.a(lib_a-memset.o)
 .ARM.attributes
                0x00000000       0x2d c:/program files (x86)/gnu tools arm embedded/5.4 2016q3/bin/../lib/gcc/arm-none-eabi/5.4.1/../../../../arm-none-eabi/lib/armv7-m\libg.a(lib_a-memset.o)
 .text          0x00000000        0x0 c:/program files (x86)/gnu tools arm embedded/5.4 2016q3/bin/../lib/gcc/arm-none-eabi/5.4.1/../../../../arm-none-eabi/lib/armv7-m\libg.a(lib_a-__call_atexit.o)
 .data          0x00000000        0x0 c:/program files (x86)/gnu tools arm embedded/5.4 2016q3/bin/../lib/gcc/arm-none-eabi/5.4.1/../../../../arm-none-eabi/lib/armv7-m\libg.a(lib_a-__call_atexit.o)
 .bss           0x00000000        0x0 c:/program files (x86)/gnu tools arm embedded/5.4 2016q3/bin/../lib/gcc/arm-none-eabi/5.4.1/../../../../arm-none-eabi/lib/armv7-m\libg.a(lib_a-__call_atexit.o)
 .text.__call_exitprocs
                0x00000000       0xd8 c:/program files (x86)/gnu tools arm embedded/5.4 2016q3/bin/../lib/gcc/arm-none-eabi/5.4.1/../../../../arm-none-eabi/lib/armv7-m\libg.a(lib_a-__call_atexit.o)
 .text          0x00000000        0x0 c:/program files (x86)/gnu tools arm embedded/5.4 2016q3/bin/../lib/gcc/arm-none-eabi/5.4.1/../../../../arm-none-eabi/lib/armv7-m\libg.a(lib_a-atexit.o)
 .data          0x00000000        0x0 c:/program files (x86)/gnu tools arm embedded/5.4 2016q3/bin/../lib/gcc/arm-none-eabi/5.4.1/../../../../arm-none-eabi/lib/armv7-m\libg.a(lib_a-atexit.o)
 .bss           0x00000000        0x0 c:/program files (x86)/gnu tools arm embedded/5.4 2016q3/bin/../lib/gcc/arm-none-eabi/5.4.1/../../../../arm-none-eabi/lib/armv7-m\libg.a(lib_a-atexit.o)
 .text          0x00000000        0x0 c:/program files (x86)/gnu tools arm embedded/5.4 2016q3/bin/../lib/gcc/arm-none-eabi/5.4.1/../../../../arm-none-eabi/lib/armv7-m\libg.a(lib_a-fini.o)
 .data          0x00000000        0x0 c:/program files (x86)/gnu tools arm embedded/5.4 2016q3/bin/../lib/gcc/arm-none-eabi/5.4.1/../../../../arm-none-eabi/lib/armv7-m\libg.a(lib_a-fini.o)
 .bss           0x00000000        0x0 c:/program files (x86)/gnu tools arm embedded/5.4 2016q3/bin/../lib/gcc/arm-none-eabi/5.4.1/../../../../arm-none-eabi/lib/armv7-m\libg.a(lib_a-fini.o)
 .text          0x00000000        0x0 c:/program files (x86)/gnu tools arm embedded/5.4 2016q3/bin/../lib/gcc/arm-none-eabi/5.4.1/../../../../arm-none-eabi/lib/armv7-m\libg.a(lib_a-__atexit.o)
 .data          0x00000000        0x0 c:/program files (x86)/gnu tools arm embedded/5.4 2016q3/bin/../lib/gcc/arm-none-eabi/5.4.1/../../../../arm-none-eabi/lib/armv7-m\libg.a(lib_a-__atexit.o)
 .bss           0x00000000        0x0 c:/program files (x86)/gnu tools arm embedded/5.4 2016q3/bin/../lib/gcc/arm-none-eabi/5.4.1/../../../../arm-none-eabi/lib/armv7-m\libg.a(lib_a-__atexit.o)
 .text          0x00000000        0x0 c:/program files (x86)/gnu tools arm embedded/5.4 2016q3/bin/../lib/gcc/arm-none-eabi/5.4.1/armv7-m/crtend.o
 .data          0x00000000        0x0 c:/program files (x86)/gnu tools arm embedded/5.4 2016q3/bin/../lib/gcc/arm-none-eabi/5.4.1/armv7-m/crtend.o
 .bss           0x00000000        0x0 c:/program files (x86)/gnu tools arm embedded/5.4 2016q3/bin/../lib/gcc/arm-none-eabi/5.4.1/armv7-m/crtend.o
 .eh_frame      0x00000000        0x4 c:/program files (x86)/gnu tools arm embedded/5.4 2016q3/bin/../lib/gcc/arm-none-eabi/5.4.1/armv7-m/crtend.o
 .text          0x00000000        0x0 c:/program files (x86)/gnu tools arm embedded/5.4 2016q3/bin/../lib/gcc/arm-none-eabi/5.4.1/armv7-m/crtn.o
 .data          0x00000000        0x0 c:/program files (x86)/gnu tools arm embedded/5.4 2016q3/bin/../lib/gcc/arm-none-eabi/5.4.1/armv7-m/crtn.o
 .bss           0x00000000        0x0 c:/program files (x86)/gnu tools arm embedded/5.4 2016q3/bin/../lib/gcc/arm-none-eabi/5.4.1/armv7-m/crtn.o

Memory Configuration

Name             Origin             Length             Attributes
rom              0x08000000         0x00010000         xr
ram              0x20000000         0x00005000         xrw
*default*        0x00000000         0xffffffff

Linker script and memory map

LOAD c:/program files (x86)/gnu tools arm embedded/5.4 2016q3/bin/../lib/gcc/arm-none-eabi/5.4.1/armv7-m/crti.o
LOAD c:/program files (x86)/gnu tools arm embedded/5.4 2016q3/bin/../lib/gcc/arm-none-eabi/5.4.1/armv7-m/crtbegin.o
LOAD c:/program files (x86)/gnu tools arm embedded/5.4 2016q3/bin/../lib/gcc/arm-none-eabi/5.4.1/../../../../arm-none-eabi/lib/armv7-m/crt0.o
                0x20005000                _eram = 0x20005000

.text           0x08000000     0xceac
 *(.isr_vector)
 .isr_vector    0x08000000      0x10c ..\obj\startup_stm32f10x_md.o
                0x08000000                g_pfnVectors
 *(.text*)
 .text          0x0800010c       0x5c c:/program files (x86)/gnu tools arm embedded/5.4 2016q3/bin/../lib/gcc/arm-none-eabi/5.4.1/armv7-m/crtbegin.o
 .text          0x08000168      0x51c ..\obj\stm32f1xx_hal_cortex.o
                0x080004d4                HAL_NVIC_SetPriorityGrouping
                0x080004ec                HAL_NVIC_SetPriority
                0x08000524                HAL_NVIC_EnableIRQ
                0x08000540                HAL_NVIC_DisableIRQ
                0x0800055c                HAL_NVIC_SystemReset
                0x08000568                HAL_SYSTICK_Config
                0x08000580                HAL_NVIC_GetPriorityGrouping
                0x08000590                HAL_NVIC_GetPriority
                0x080005bc                HAL_NVIC_SetPendingIRQ
                0x080005d8                HAL_NVIC_GetPendingIRQ
                0x080005f8                HAL_NVIC_ClearPendingIRQ
                0x08000614                HAL_NVIC_GetActive
                0x08000634                HAL_SYSTICK_CLKSourceConfig
                0x0800066c                HAL_SYSTICK_IRQHandler
                0x08000678                HAL_SYSTICK_Callback
 .text          0x08000684     0x147c ..\obj\stm32f1xx_hal_tim_ex.o
                0x08000684                HAL_TIMEx_HallSensor_Init
                0x080007b0                HAL_TIMEx_HallSensor_DeInit
                0x08000810                HAL_TIMEx_HallSensor_MspInit
                0x08000824                HAL_TIMEx_HallSensor_MspDeInit
                0x08000838                HAL_TIMEx_HallSensor_Start
                0x08000868                HAL_TIMEx_HallSensor_Stop
                0x080008b8                HAL_TIMEx_HallSensor_Start_IT
                0x080008f8                HAL_TIMEx_HallSensor_Stop_IT
                0x08000958                HAL_TIMEx_HallSensor_Start_DMA
                0x08000a00                HAL_TIMEx_HallSensor_Stop_DMA
                0x08000a60                HAL_TIMEx_OCN_Start
                0x08000aa4                HAL_TIMEx_OCN_Stop
                0x08000b28                HAL_TIMEx_OCN_Start_IT
                0x08000c08                HAL_TIMEx_OCN_Stop_IT
                0x08000d40                HAL_TIMEx_OCN_Start_DMA
                0x08000ee0                HAL_TIMEx_OCN_Stop_DMA
                0x08000ff8                HAL_TIMEx_PWMN_Start
                0x0800103c                HAL_TIMEx_PWMN_Stop
                0x080010c0                HAL_TIMEx_PWMN_Start_IT
                0x080011a0                HAL_TIMEx_PWMN_Stop_IT
                0x080012d8                HAL_TIMEx_PWMN_Start_DMA
                0x08001478                HAL_TIMEx_PWMN_Stop_DMA
                0x08001590                HAL_TIMEx_OnePulseN_Start
                0x080015c4                HAL_TIMEx_OnePulseN_Stop
                0x08001648                HAL_TIMEx_OnePulseN_Start_IT
                0x0800169c                HAL_TIMEx_OnePulseN_Stop_IT
                0x08001740                HAL_TIMEx_ConfigCommutationEvent
                0x080017e0                HAL_TIMEx_ConfigCommutationEvent_IT
                0x08001890                HAL_TIMEx_ConfigCommutationEvent_DMA
                0x08001958                HAL_TIMEx_ConfigBreakDeadTime
                0x080019cc                HAL_TIMEx_MasterConfigSynchronization
                0x08001a54                HAL_TIMEx_CommutationCallback
                0x08001a68                HAL_TIMEx_BreakCallback
                0x08001a7c                TIMEx_DMACommutationCplt
                0x08001aa0                HAL_TIMEx_HallSensor_GetState
 .text          0x08001b00      0x408 ..\obj\stm32f1xx_hal_rcc_ex.o
                0x08001b00                HAL_RCCEx_PeriphCLKConfig
                0x08001ce0                HAL_RCCEx_GetPeriphCLKConfig
                0x08001d40                HAL_RCCEx_GetPeriphCLKFreq
 .text          0x08001f08      0x244 ..\obj\stm32f1xx_hal.o
                0x08001f08                HAL_Init
                0x08001f34                HAL_DeInit
                0x08001f70                HAL_MspDeInit
                0x08001f7c                HAL_InitTick
                0x08001fb4                HAL_IncTick
                0x08001fd0                HAL_GetTick
                0x08001fe4                HAL_Delay
                0x08002010                HAL_SuspendTick
                0x0800202c                HAL_ResumeTick
                0x08002048                HAL_GetHalVersion
                0x08002058                HAL_GetREVID
                0x0800208c                HAL_GetDEVID
                0x080020a4                HAL_DBGMCU_EnableDBGSleepMode
                0x080020c0                HAL_DBGMCU_DisableDBGSleepMode
                0x080020dc                HAL_DBGMCU_EnableDBGStopMode
                0x080020f8                HAL_DBGMCU_DisableDBGStopMode
                0x08002114                HAL_DBGMCU_EnableDBGStandbyMode
                0x08002130                HAL_DBGMCU_DisableDBGStandbyMode
 .text          0x0800214c      0x298 ..\obj\usbd_hid.o
                0x08002310                USBD_HID_SendReport
                0x08002354                USBD_HID_GetPollingInterval
 .text          0x080023e4      0x30c ..\obj\main.o
                0x080023e4                HAL_TIM_IC_CaptureCallback
                0x0800255c                main
                0x080025a8                SystemClock_Config
 .text.Reset_Handler
                0x080026f0       0x44 ..\obj\startup_stm32f10x_md.o
                0x080026f0                Reset_Handler
 .text.Default_Handler
                0x08002734        0x2 ..\obj\startup_stm32f10x_md.o
                0x08002734                EXTI2_IRQHandler
                0x08002734                DebugMon_Handler
                0x08002734                HardFault_Handler
                0x08002734                PVD_IRQHandler
                0x08002734                PendSV_Handler
                0x08002734                NMI_Handler
                0x08002734                EXTI3_IRQHandler
                0x08002734                EXTI0_IRQHandler
                0x08002734                I2C2_EV_IRQHandler
                0x08002734                UsageFault_Handler
                0x08002734                ADC1_2_IRQHandler
                0x08002734                SPI1_IRQHandler
                0x08002734                TAMPER_IRQHandler
                0x08002734                DMA1_Channel4_IRQHandler
                0x08002734                USART3_IRQHandler
                0x08002734                RTC_IRQHandler
                0x08002734                DMA1_Channel7_IRQHandler
                0x08002734                CAN1_RX1_IRQHandler
                0x08002734                TIM4_IRQHandler
                0x08002734                I2C1_EV_IRQHandler
                0x08002734                DMA1_Channel6_IRQHandler
                0x08002734                TIM3_IRQHandler
                0x08002734                RCC_IRQHandler
                0x08002734                TIM1_TRG_COM_IRQHandler
                0x08002734                DMA1_Channel1_IRQHandler
                0x08002734                Default_Handler
                0x08002734                EXTI15_10_IRQHandler
                0x08002734                EXTI9_5_IRQHandler
                0x08002734                SPI2_IRQHandler
                0x08002734                MemManage_Handler
                0x08002734                SVC_Handler
                0x08002734                DMA1_Channel5_IRQHandler
                0x08002734                EXTI4_IRQHandler
                0x08002734                USB_HP_CAN1_TX_IRQHandler
                0x08002734                DMA1_Channel3_IRQHandler
                0x08002734                TIM1_UP_IRQHandler
                0x08002734                WWDG_IRQHandler
                0x08002734                TIM2_IRQHandler
                0x08002734                TIM1_BRK_IRQHandler
                0x08002734                EXTI1_IRQHandler
                0x08002734                RTCAlarm_IRQHandler
                0x08002734                USART2_IRQHandler
                0x08002734                I2C2_ER_IRQHandler
                0x08002734                DMA1_Channel2_IRQHandler
                0x08002734                CAN1_SCE_IRQHandler
                0x08002734                FLASH_IRQHandler
                0x08002734                BusFault_Handler
                0x08002734                USART1_IRQHandler
                0x08002734                I2C1_ER_IRQHandler
                0x08002734                USBWakeUp_IRQHandler
 *fill*         0x08002736        0x2 
 .text          0x08002738      0xbd8 ..\obj\stm32f1xx_hal_dma.o
                0x08002738                HAL_DMA_Init
                0x080027cc                HAL_DMA_DeInit
                0x080029ac                HAL_DMA_Start
                0x08002a10                HAL_DMA_Start_IT
                0x08002aa4                HAL_DMA_Abort
                0x08002b20                HAL_DMA_PollForTransfer
                0x08002eb4                HAL_DMA_IRQHandler
                0x08003294                HAL_DMA_GetState
                0x080032ac                HAL_DMA_GetError
 .text          0x08003310      0x140 ..\obj\system_stm32f1xx.o
                0x08003310                SystemInit
                0x08003378                SystemCoreClockUpdate
 .text          0x08003450      0x558 ..\obj\stm32f1xx_hal_gpio.o
                0x08003450                HAL_GPIO_Init
                0x0800370c                HAL_GPIO_DeInit
                0x08003890                HAL_GPIO_ReadPin
                0x080038c0                HAL_GPIO_WritePin
                0x080038f0                HAL_GPIO_TogglePin
                0x08003914                HAL_GPIO_LockPin
                0x08003964                HAL_GPIO_EXTI_IRQHandler
                0x08003994                HAL_GPIO_EXTI_Callback
 .text          0x080039a8      0x160 ..\obj\usbd_desc.o
                0x080039a8                USBD_FS_DeviceDescriptor
                0x080039cc                USBD_FS_LangIDStrDescriptor
                0x080039f0                USBD_FS_ProductStrDescriptor
                0x08003a2c                USBD_FS_ManufacturerStrDescriptor
                0x08003a54                USBD_FS_SerialStrDescriptor
                0x08003a90                USBD_FS_ConfigStrDescriptor
                0x08003acc                USBD_FS_InterfaceStrDescriptor
 .text          0x08003b08     0x1148 ..\obj\stm32f1xx_hal_pcd.o
                0x08003b08                HAL_PCD_Init
                0x08003cbc                HAL_PCD_DeInit
                0x08003d1c                HAL_PCD_Start
                0x08003d68                HAL_PCD_Stop
                0x08003db8                HAL_PCD_IRQHandler
                0x08004094                HAL_PCD_DevConnect
                0x080040d8                HAL_PCD_DevDisconnect
                0x0800411c                HAL_PCD_SetAddress
                0x08004168                HAL_PCD_EP_Open
                0x08004214                HAL_PCD_EP_Close
                0x080042a0                HAL_PCD_EP_Receive
                0x08004338                HAL_PCD_EP_GetRxCount
                0x08004364                HAL_PCD_EP_Transmit
                0x080043f8                HAL_PCD_EP_SetStall
                0x080044a4                HAL_PCD_EP_ClrStall
                0x08004534                HAL_PCD_EP_Flush
                0x08004590                HAL_PCD_ActivateRemoteWakeup
                0x080045ac                HAL_PCD_DeActivateRemoteWakeup
                0x080045c8                HAL_PCD_GetState
 .text          0x08004c50       0x38 ..\obj\stm32f1xx_it.o
                0x08004c50                SysTick_Handler
                0x08004c60                USB_LP_CAN1_RX0_IRQHandler
                0x08004c74                TIM1_CC_IRQHandler
 .text          0x08004c88      0x54c ..\obj\usbd_conf.o
                0x08004c88                HAL_PCD_MspInit
                0x08004cd4                HAL_PCD_MspDeInit
                0x08004d08                HAL_PCD_SetupStageCallback
                0x08004d2c                HAL_PCD_DataOutStageCallback
                0x08004d5c                HAL_PCD_DataInStageCallback
                0x08004d8c                HAL_PCD_SOFCallback
                0x08004da8                HAL_PCD_ResetCallback
                0x08004dec                HAL_PCD_SuspendCallback
                0x08004e20                HAL_PCD_ResumeCallback
                0x08004e3c                HAL_PCD_ISOOUTIncompleteCallback
                0x08004e60                HAL_PCD_ISOINIncompleteCallback
                0x08004e84                HAL_PCD_ConnectCallback
                0x08004ea0                HAL_PCD_DisconnectCallback
                0x08004ebc                USBD_LL_Init
                0x08004f48                USBD_LL_DeInit
                0x08004f68                USBD_LL_Start
                0x08004f88                USBD_LL_Stop
                0x08004fa8                USBD_LL_OpenEP
                0x08004fdc                USBD_LL_CloseEP
                0x08005004                USBD_LL_FlushEP
                0x0800502c                USBD_LL_StallEP
                0x08005054                USBD_LL_ClearStallEP
                0x0800507c                USBD_LL_IsStallEP
                0x080050c8                USBD_LL_SetUSBAddress
                0x080050f0                USBD_LL_Transmit
                0x08005120                USBD_LL_PrepareReceive
                0x08005150                USBD_LL_GetRxDataSize
                0x08005178                USBD_LL_Delay
                0x08005190                USBD_static_malloc
                0x080051a8                USBD_static_free
                0x080051bc                HAL_PCDEx_SetConnectionState
 .text          0x080051d4      0x130 ..\obj\usbd_ioreq.o
                0x080051d4                USBD_CtlSendData
                0x0800520c                USBD_CtlContinueSendData
                0x08005230                USBD_CtlPrepareRx
                0x0800526c                USBD_CtlContinueRx
                0x08005290                USBD_CtlSendStatus
                0x080052b8                USBD_CtlReceiveStatus
                0x080052e0                USBD_GetRxCount
 .text          0x08005304       0x2c ..\obj\usb_device.o
                0x08005304                MX_USB_DEVICE_Init
 .text          0x08005330      0x8c0 ..\obj\usbd_ctlreq.o
                0x08005330                USBD_StdDevReq
                0x080053d0                USBD_StdItfReq
                0x08005438                USBD_StdEPReq
                0x08005a9c                USBD_ParseSetupRequest
                0x08005b14                USBD_CtlError
                0x08005b38                USBD_GetString
 .text          0x08005bf0      0x564 ..\obj\usbd_core.o
                0x08005bf0                USBD_Init
                0x08005c48                USBD_DeInit
                0x08005c84                USBD_RegisterClass
                0x08005cb8                USBD_Start
                0x08005cd0                USBD_Stop
                0x08005cfc                USBD_RunTestMode
                0x08005d10                USBD_SetClassConfig
                0x08005d50                USBD_ClrClassConfig
                0x08005d78                USBD_LL_SetupStage
                0x08005e0c                USBD_LL_DataOutStage
                0x08005ec4                USBD_LL_DataInStage
                0x08005fe4                USBD_LL_Reset
                0x08006044                USBD_LL_SetSpeed
                0x08006064                USBD_LL_Suspend
                0x0800608c                USBD_LL_Resume
                0x080060ac                USBD_LL_SOF
                0x080060e0                USBD_LL_IsoINIncomplete
                0x080060f8                USBD_LL_IsoOUTIncomplete
                0x08006110                USBD_LL_DevConnected
                0x08006124                USBD_LL_DevDisconnected
 .text          0x08006154       0x94 ..\obj\stm32f1xx_hal_pcd_ex.o
                0x08006154                HAL_PCDEx_PMAConfig
 .text          0x080061e8     0x134c ..\obj\stm32f1xx_ll_usb.o
                0x080061e8                USB_CoreInit
                0x08006208                USB_EnableGlobalInt
                0x0800623c                USB_DisableGlobalInt
                0x08006274                USB_SetCurrentMode
                0x0800628c                USB_DevInit
                0x080062cc                USB_FlushTxFifo
                0x080062e4                USB_FlushRxFifo
                0x080062f8                USB_ActivateEndpoint
                0x08006888                USB_DeactivateEndpoint
                0x08006b98                USB_EPStartXfer
                0x080070b4                USB_WritePacket
                0x080070d8                USB_ReadPacket
                0x080070f4                USB_EPSetStall
                0x080071b4                USB_EPClearStall
                0x080072c8                USB_StopDevice
                0x080072f4                USB_SetDevAddress
                0x0800731c                USB_DevConnect
                0x08007330                USB_DevDisconnect
                0x08007344                USB_ReadInterrupts
                0x08007368                USB_ReadDevAllOutEpInterrupt
                0x0800737c                USB_ReadDevAllInEpInterrupt
                0x08007390                USB_ReadDevOutEPInterrupt
                0x080073a8                USB_ReadDevInEPInterrupt
                0x080073c0                USB_ClearInterrupts
                0x080073d4                USB_EP0_OutStart
                0x080073ec                USB_ActivateRemoteWakeup
                0x08007414                USB_DeActivateRemoteWakeup
                0x0800743c                USB_WritePMA
                0x080074c8                USB_ReadPMA
 .text          0x08007534       0xe8 ..\obj\stm32f1xx_hal_msp.o
                0x08007534                HAL_MspInit
                0x08007570                HAL_TIM_Base_MspInit
                0x080075d8                HAL_TIM_Base_MspDeInit
 .text          0x0800761c     0x3c20 ..\obj\stm32f1xx_hal_tim.o
                0x0800761c                HAL_TIM_Base_Init
                0x08007674                HAL_TIM_Base_DeInit
                0x080076fc                HAL_TIM_Base_Start
                0x08007730                HAL_TIM_Base_Stop
                0x08007784                HAL_TIM_Base_Start_IT
                0x080077b8                HAL_TIM_Base_Stop_IT
                0x0800780c                HAL_TIM_Base_Start_DMA
                0x080078a4                HAL_TIM_Base_Stop_DMA
                0x08007900                HAL_TIM_OC_Init
                0x08007958                HAL_TIM_OC_DeInit
                0x080079b8                HAL_TIM_OC_MspInit
                0x080079cc                HAL_TIM_OC_MspDeInit
                0x080079e0                HAL_TIM_OC_Start
                0x08007a30                HAL_TIM_OC_Stop
                0x08007ac0                HAL_TIM_OC_Start_IT
                0x08007b9c                HAL_TIM_OC_Stop_IT
                0x08007cb8                HAL_TIM_OC_Start_DMA
                0x08007e64                HAL_TIM_OC_Stop_DMA
                0x08007f88                HAL_TIM_PWM_Init
                0x08007fe0                HAL_TIM_PWM_DeInit
                0x08008040                HAL_TIM_PWM_MspInit
                0x08008054                HAL_TIM_PWM_MspDeInit
                0x08008068                HAL_TIM_PWM_Start
                0x080080b8                HAL_TIM_PWM_Stop
                0x08008150                HAL_TIM_PWM_Start_IT
                0x0800822c                HAL_TIM_PWM_Stop_IT
                0x08008348                HAL_TIM_PWM_Start_DMA
                0x080084f4                HAL_TIM_PWM_Stop_DMA
                0x08008618                HAL_TIM_IC_Init
                0x08008670                HAL_TIM_IC_DeInit
                0x080086d0                HAL_TIM_IC_MspInit
                0x080086e4                HAL_TIM_IC_MspDeInit
                0x080086f8                HAL_TIM_IC_Start
                0x0800872c                HAL_TIM_IC_Stop
                0x08008780                HAL_TIM_IC_Start_IT
                0x08008840                HAL_TIM_IC_Stop_IT
                0x08008920                HAL_TIM_IC_Start_DMA
                0x08008ab0                HAL_TIM_IC_Stop_DMA
                0x08008b98                HAL_TIM_OnePulse_Init
                0x08008c10                HAL_TIM_OnePulse_DeInit
                0x08008c70                HAL_TIM_OnePulse_MspInit
                0x08008c84                HAL_TIM_OnePulse_MspDeInit
                0x08008c98                HAL_TIM_OnePulse_Start
                0x08008ce8                HAL_TIM_OnePulse_Stop
                0x08008d88                HAL_TIM_OnePulse_Start_IT
                0x08008df8                HAL_TIM_OnePulse_Stop_IT
                0x08008eb8                HAL_TIM_Encoder_Init
                0x08008fe4                HAL_TIM_Encoder_DeInit
                0x08009044                HAL_TIM_Encoder_MspInit
                0x08009058                HAL_TIM_Encoder_MspDeInit
                0x0800906c                HAL_TIM_Encoder_Start
                0x080090dc                HAL_TIM_Encoder_Stop
                0x0800916c                HAL_TIM_Encoder_Start_IT
                0x0800921c                HAL_TIM_Encoder_Stop_IT
                0x080092f0                HAL_TIM_Encoder_Start_DMA
                0x08009498                HAL_TIM_Encoder_Stop_DMA
                0x0800956c                HAL_TIM_IRQHandler
                0x0800977c                HAL_TIM_OC_ConfigChannel
                0x0800983c                HAL_TIM_IC_ConfigChannel
                0x08009974                HAL_TIM_PWM_ConfigChannel
                0x08009b00                HAL_TIM_OnePulse_ConfigChannel
                0x08009c80                HAL_TIM_DMABurst_WriteStart
                0x08009e64                HAL_TIM_DMABurst_WriteStop
                0x08009f14                HAL_TIM_DMABurst_ReadStart
                0x0800a0f8                HAL_TIM_DMABurst_ReadStop
                0x0800a1a8                HAL_TIM_GenerateEvent
                0x0800a1f4                HAL_TIM_ConfigOCrefClear
                0x0800a37c                HAL_TIM_ConfigClockSource
                0x0800a534                HAL_TIM_ConfigTI1Input
                0x0800a570                HAL_TIM_SlaveConfigSynchronization
                0x0800a5dc                HAL_TIM_SlaveConfigSynchronization_IT
                0x0800a648                HAL_TIM_ReadCapturedValue
                0x0800a6ec                HAL_TIM_PeriodElapsedCallback
                0x0800a700                HAL_TIM_OC_DelayElapsedCallback
                0x0800a728                HAL_TIM_PWM_PulseFinishedCallback
                0x0800a73c                HAL_TIM_TriggerCallback
                0x0800a750                HAL_TIM_ErrorCallback
                0x0800a764                HAL_TIM_Base_GetState
                0x0800a780                HAL_TIM_OC_GetState
                0x0800a79c                HAL_TIM_PWM_GetState
                0x0800a7b8                HAL_TIM_IC_GetState
                0x0800a7d4                HAL_TIM_OnePulse_GetState
                0x0800a7f0                HAL_TIM_Encoder_GetState
                0x0800a80c                TIM_DMAError
                0x0800a830                TIM_DMADelayPulseCplt
                0x0800a8a0                TIM_DMACaptureCplt
                0x0800a958                TIM_Base_SetConfig
                0x0800aaec                TIM_OC2_SetConfig
                0x0800ae6c                TIM_TI1_SetConfig
                0x0800b1f8                TIM_CCxChannelCmd
 .text          0x0800b23c     0x1ac8 ..\obj\stm32f1xx_hal_rcc.o
                0x0800b23c                HAL_RCC_DeInit
                0x0800b2ac                HAL_RCC_OscConfig
                0x0800c2e0                HAL_RCC_ClockConfig
                0x0800c8bc                HAL_RCC_MCOConfig
                0x0800c92c                HAL_RCC_EnableCSS
                0x0800c960                HAL_RCC_DisableCSS
                0x0800c994                HAL_RCC_GetSysClockFreq
                0x0800ca88                HAL_RCC_GetHCLKFreq
                0x0800cad8                HAL_RCC_GetPCLK1Freq
                0x0800cb1c                HAL_RCC_GetPCLK2Freq
                0x0800cb60                HAL_RCC_GetOscConfig
                0x0800cc70                HAL_RCC_GetClockConfig
                0x0800ccd0                HAL_RCC_NMI_IRQHandler
                0x0800ccf8                HAL_RCC_CSSCallback
 .text.startup.register_fini
                0x0800cd04       0x14 c:/program files (x86)/gnu tools arm embedded/5.4 2016q3/bin/../lib/gcc/arm-none-eabi/5.4.1/../../../../arm-none-eabi/lib/armv7-m\libg.a(lib_a-__call_atexit.o)
 .text.atexit   0x0800cd18        0xc c:/program files (x86)/gnu tools arm embedded/5.4 2016q3/bin/../lib/gcc/arm-none-eabi/5.4.1/../../../../arm-none-eabi/lib/armv7-m\libg.a(lib_a-atexit.o)
                0x0800cd18                atexit
 .text.__libc_fini_array
                0x0800cd24       0x28 c:/program files (x86)/gnu tools arm embedded/5.4 2016q3/bin/../lib/gcc/arm-none-eabi/5.4.1/../../../../arm-none-eabi/lib/armv7-m\libg.a(lib_a-fini.o)
                0x0800cd24                __libc_fini_array
 .text.__register_exitproc
                0x0800cd4c       0xa4 c:/program files (x86)/gnu tools arm embedded/5.4 2016q3/bin/../lib/gcc/arm-none-eabi/5.4.1/../../../../arm-none-eabi/lib/armv7-m\libg.a(lib_a-__atexit.o)
                0x0800cd4c                __register_exitproc
 *(.init)
 .init          0x0800cdf0        0x4 c:/program files (x86)/gnu tools arm embedded/5.4 2016q3/bin/../lib/gcc/arm-none-eabi/5.4.1/armv7-m/crti.o
                0x0800cdf0                _init
 .init          0x0800cdf4        0x8 c:/program files (x86)/gnu tools arm embedded/5.4 2016q3/bin/../lib/gcc/arm-none-eabi/5.4.1/armv7-m/crtn.o
 *(.fini)
 .fini          0x0800cdfc        0x4 c:/program files (x86)/gnu tools arm embedded/5.4 2016q3/bin/../lib/gcc/arm-none-eabi/5.4.1/armv7-m/crti.o
                0x0800cdfc                _fini
 .fini          0x0800ce00        0x8 c:/program files (x86)/gnu tools arm embedded/5.4 2016q3/bin/../lib/gcc/arm-none-eabi/5.4.1/armv7-m/crtn.o
 *crtbegin.o(.ctors)
 *crtbegin?.o(.ctors)
 *(EXCLUDE_FILE(*crtend.o *crtend?.o) .ctors)
 *(SORT(.ctors.*))
 *(.ctors)
 *crtbegin.o(.dtors)
 *crtbegin?.o(.dtors)
 *(EXCLUDE_FILE(*crtend.o *crtend?.o) .dtors)
 *(SORT(.dtors.*))
 *(.dtors)
 *(.rodata*)
 .rodata        0x0800ce08       0x12 ..\obj\stm32f1xx_hal_rcc_ex.o
 *fill*         0x0800ce1a        0x2 
 .rodata        0x0800ce1c       0x10 ..\obj\system_stm32f1xx.o
                0x0800ce1c                AHBPrescTable
 .rodata        0x0800ce2c       0x56 ..\obj\usbd_desc.o
 *fill*         0x0800ce82        0x2 
 .rodata        0x0800ce84       0x22 ..\obj\stm32f1xx_hal_rcc.o
                0x0800ce84                aAPBAHBPrescTable
 *fill*         0x0800cea6        0x2 
 .rodata._global_impure_ptr
                0x0800cea8        0x4 c:/program files (x86)/gnu tools arm embedded/5.4 2016q3/bin/../lib/gcc/arm-none-eabi/5.4.1/../../../../arm-none-eabi/lib/armv7-m\libg.a(lib_a-impure.o)
                0x0800cea8                _global_impure_ptr
 *(.eh_fram e*)

.eh_frame       0x0800ceac        0x0
 .eh_frame      0x0800ceac        0x0 c:/program files (x86)/gnu tools arm embedded/5.4 2016q3/bin/../lib/gcc/arm-none-eabi/5.4.1/armv7-m/crtbegin.o

.glue_7         0x0800ceac        0x0
 .glue_7        0x0800ceac        0x0 linker stubs

.glue_7t        0x0800ceac        0x0
 .glue_7t       0x0800ceac        0x0 linker stubs

.vfp11_veneer   0x0800ceac        0x0
 .vfp11_veneer  0x0800ceac        0x0 linker stubs

.v4_bx          0x0800ceac        0x0
 .v4_bx         0x0800ceac        0x0 linker stubs

.iplt           0x0800ceac        0x0
 .iplt          0x0800ceac        0x0 c:/program files (x86)/gnu tools arm embedded/5.4 2016q3/bin/../lib/gcc/arm-none-eabi/5.4.1/armv7-m/crtbegin.o

.rel.dyn        0x0800ceac        0x0
 .rel.iplt      0x0800ceac        0x0 c:/program files (x86)/gnu tools arm embedded/5.4 2016q3/bin/../lib/gcc/arm-none-eabi/5.4.1/armv7-m/crtbegin.o

.ARM.extab
 *(.ARM.extab* .gnu.linkonce.armextab.*)
                0x0800ceac                __exidx_start = .

.ARM.exidx
 *(.ARM.exidx* .gnu.linkonce.armexidx.*)
                0x0800ceac                __exidx_end = .
                0x0800ceac                __etext = .
                0x0800ceac                _sidata = __etext

.data           0x20000000      0x528 load address 0x0800ceac
                0x20000000                __data_start__ = .
                0x20000000                _sdata = __data_start__
 *(vtable)
 *(.data*)
 .data          0x20000000       0xb1 ..\obj\usbd_hid.o
                0x20000000                USBD_HID
 *fill*         0x200000b1        0x3 
 .data          0x200000b4        0x4 ..\obj\system_stm32f1xx.o
                0x200000b4                SystemCoreClock
 .data          0x200000b8       0x34 ..\obj\usbd_desc.o
                0x200000b8                FS_Desc
                0x200000d4                USBD_FS_DeviceDesc
                0x200000e8                USBD_LangIDDesc
 *fill*         0x200000ec        0x4 
 .data.impure_data
                0x200000f0      0x428 c:/program files (x86)/gnu tools arm embedded/5.4 2016q3/bin/../lib/gcc/arm-none-eabi/5.4.1/../../../../arm-none-eabi/lib/armv7-m\libg.a(lib_a-impure.o)
                0x20000518                . = ALIGN (0x4)
                0x20000518                PROVIDE (__preinit_array_start, .)
 *(.preinit_array)
                0x20000518                PROVIDE (__preinit_array_end, .)
                0x20000518                . = ALIGN (0x4)
                0x20000518                PROVIDE (__init_array_start, .)
 *(SORT(.init_array.*))
 .init_array.00000
                0x20000518        0x4 c:/program files (x86)/gnu tools arm embedded/5.4 2016q3/bin/../lib/gcc/arm-none-eabi/5.4.1/../../../../arm-none-eabi/lib/armv7-m\libg.a(lib_a-__call_atexit.o)
 *(.init_array)
 .init_array    0x2000051c        0x4 c:/program files (x86)/gnu tools arm embedded/5.4 2016q3/bin/../lib/gcc/arm-none-eabi/5.4.1/armv7-m/crtbegin.o
                0x20000520                PROVIDE (__init_array_end, .)
                0x20000520                . = ALIGN (0x4)
                0x20000520                PROVIDE (__fini_array_start, .)
 *(SORT(.fini_array.*))
 *(.fini_array)
 .fini_array    0x20000520        0x4 c:/program files (x86)/gnu tools arm embedded/5.4 2016q3/bin/../lib/gcc/arm-none-eabi/5.4.1/armv7-m/crtbegin.o
                0x20000524                PROVIDE (__fini_array_end, .)
 *(.jcr*)
 .jcr           0x20000524        0x0 c:/program files (x86)/gnu tools arm embedded/5.4 2016q3/bin/../lib/gcc/arm-none-eabi/5.4.1/armv7-m/crtbegin.o
 .jcr           0x20000524        0x4 c:/program files (x86)/gnu tools arm embedded/5.4 2016q3/bin/../lib/gcc/arm-none-eabi/5.4.1/armv7-m/crtend.o
                0x20000528                . = ALIGN (0x4)
                0x20000528                __data_end__ = .
                0x20000528                _edata = __data_end__

.igot.plt       0x20000528        0x0 load address 0x0800d3d4
 .igot.plt      0x20000528        0x0 c:/program files (x86)/gnu tools arm embedded/5.4 2016q3/bin/../lib/gcc/arm-none-eabi/5.4.1/armv7-m/crtbegin.o

.bss            0x20000528      0x8e8 load address 0x0800d3d4
                0x20000528                . = ALIGN (0x4)
                0x20000528                __bss_start__ = .
                0x20000528                _sbss = __bss_start__
 *(.bss*)
 .bss           0x20000528       0x1c c:/program files (x86)/gnu tools arm embedded/5.4 2016q3/bin/../lib/gcc/arm-none-eabi/5.4.1/armv7-m/crtbegin.o
 .bss           0x20000544        0x4 ..\obj\stm32f1xx_hal.o
 .bss           0x20000548       0x30 ..\obj\main.o
                0x20000548                captured_value
                0x20000564                rc_data
                0x20000576                pointer
                0x20000577                data_ready
 .bss           0x20000578       0x14 ..\obj\usbd_conf.o
 .bss           0x2000058c        0x1 ..\obj\usbd_ctlreq.o
 *(COMMON)
 *fill*         0x2000058d        0x3 
 COMMON         0x20000590       0x3c ..\obj\main.o
                0x20000590                htim1
 COMMON         0x200005cc      0x200 ..\obj\usbd_desc.o
                0x200005cc                USBD_StrDesc
 COMMON         0x200007cc      0x420 ..\obj\usbd_conf.o
                0x200007cc                hpcd_USB_FS
 COMMON         0x20000bec      0x224 ..\obj\usb_device.o
                0x20000bec                hUsbDeviceFS
                0x20000e10                . = ALIGN (0x4)
                0x20000e10                __bss_end__ = .
                0x20000e10                _ebss = __bss_end__

.heap           0x20000e10        0x0
                0x20000e10                __end__ = .
                0x20000e10                _end = __end__
                0x20000e10                end = __end__
 *(.heap*)
                0x20000e10                __HeapLimit = .

.co_stack       0x20000e10        0x0
                0x20000e10                . = ALIGN (0x8)
 *(.co_stack .co_stack.*)
                0x20005000                __StackTop = (ORIGIN (ram) + LENGTH (ram))
                0x20005000                __StackLimit = (__StackTop - SIZEOF (.co_stack))
                0x20005000                PROVIDE (__stack, __StackTop)
                0x00000001                ASSERT ((__StackLimit >= __HeapLimit), region ram  overflowed with stack)
LOAD ..\obj\stm32f1xx_hal_cortex.o
LOAD ..\obj\stm32f1xx_hal_tim_ex.o
LOAD ..\obj\stm32f1xx_hal_rcc_ex.o
LOAD ..\obj\stm32f1xx_hal.o
LOAD ..\obj\stm32f1xx_hal_gpio_ex.o
LOAD ..\obj\usbd_hid.o
LOAD ..\obj\main.o
LOAD ..\obj\startup_stm32f10x_md.o
LOAD ..\obj\stm32f1xx_hal_dma.o
LOAD ..\obj\system_stm32f1xx.o
LOAD ..\obj\stm32f1xx_hal_flash_ex.o
LOAD ..\obj\stm32f1xx_hal_gpio.o
LOAD ..\obj\usbd_desc.o
LOAD ..\obj\stm32f1xx_hal_pcd.o
LOAD ..\obj\stm32f1xx_it.o
LOAD ..\obj\usbd_conf.o
LOAD ..\obj\usbd_ioreq.o
LOAD ..\obj\usb_device.o
LOAD ..\obj\usbd_ctlreq.o
LOAD ..\obj\usbd_core.o
LOAD ..\obj\stm32f1xx_hal_pcd_ex.o
LOAD ..\obj\stm32f1xx_ll_usb.o
LOAD ..\obj\stm32f1xx_hal_msp.o
LOAD ..\obj\stm32f1xx_hal_flash.o
LOAD ..\obj\stm32f1xx_hal_tim.o
LOAD ..\obj\stm32f1xx_hal_pwr.o
LOAD ..\obj\stm32f1xx_hal_rcc.o
START GROUP
LOAD c:/program files (x86)/gnu tools arm embedded/5.4 2016q3/bin/../lib/gcc/arm-none-eabi/5.4.1/armv7-m\libgcc.a
LOAD c:/program files (x86)/gnu tools arm embedded/5.4 2016q3/bin/../lib/gcc/arm-none-eabi/5.4.1/../../../../arm-none-eabi/lib/armv7-m\libg.a
LOAD c:/program files (x86)/gnu tools arm embedded/5.4 2016q3/bin/../lib/gcc/arm-none-eabi/5.4.1/../../../../arm-none-eabi/lib/armv7-m\libc.a
END GROUP
LOAD c:/program files (x86)/gnu tools arm embedded/5.4 2016q3/bin/../lib/gcc/arm-none-eabi/5.4.1/armv7-m/crtend.o
LOAD c:/program files (x86)/gnu tools arm embedded/5.4 2016q3/bin/../lib/gcc/arm-none-eabi/5.4.1/armv7-m/crtn.o
OUTPUT(stm32_PPM_F103.elf elf32-littlearm)

.ARM.attributes
                0x00000000       0x29
 .ARM.attributes
                0x00000000       0x1d c:/program files (x86)/gnu tools arm embedded/5.4 2016q3/bin/../lib/gcc/arm-none-eabi/5.4.1/armv7-m/crti.o
 .ARM.attributes
                0x0000001d       0x2d c:/program files (x86)/gnu tools arm embedded/5.4 2016q3/bin/../lib/gcc/arm-none-eabi/5.4.1/armv7-m/crtbegin.o
 .ARM.attributes
                0x0000004a       0x33 ..\obj\stm32f1xx_hal_cortex.o
 .ARM.attributes
                0x0000007d       0x33 ..\obj\stm32f1xx_hal_tim_ex.o
 .ARM.attributes
                0x000000b0       0x33 ..\obj\stm32f1xx_hal_rcc_ex.o
 .ARM.attributes
                0x000000e3       0x33 ..\obj\stm32f1xx_hal.o
 .ARM.attributes
                0x00000116       0x33 ..\obj\usbd_hid.o
 .ARM.attributes
                0x00000149       0x33 ..\obj\main.o
 .ARM.attributes
                0x0000017c       0x21 ..\obj\startup_stm32f10x_md.o
 .ARM.attributes
                0x0000019d       0x33 ..\obj\stm32f1xx_hal_dma.o
 .ARM.attributes
                0x000001d0       0x33 ..\obj\system_stm32f1xx.o
 .ARM.attributes
                0x00000203       0x33 ..\obj\stm32f1xx_hal_gpio.o
 .ARM.attributes
                0x00000236       0x33 ..\obj\usbd_desc.o
 .ARM.attributes
                0x00000269       0x33 ..\obj\stm32f1xx_hal_pcd.o
 .ARM.attributes
                0x0000029c       0x33 ..\obj\stm32f1xx_it.o
 .ARM.attributes
                0x000002cf       0x33 ..\obj\usbd_conf.o
 .ARM.attributes
                0x00000302       0x33 ..\obj\usbd_ioreq.o
 .ARM.attributes
                0x00000335       0x33 ..\obj\usb_device.o
 .ARM.attributes
                0x00000368       0x33 ..\obj\usbd_ctlreq.o
 .ARM.attributes
                0x0000039b       0x33 ..\obj\usbd_core.o
 .ARM.attributes
                0x000003ce       0x33 ..\obj\stm32f1xx_hal_pcd_ex.o
 .ARM.attributes
                0x00000401       0x33 ..\obj\stm32f1xx_ll_usb.o
 .ARM.attributes
                0x00000434       0x33 ..\obj\stm32f1xx_hal_msp.o
 .ARM.attributes
                0x00000467       0x33 ..\obj\stm32f1xx_hal_tim.o
 .ARM.attributes
                0x0000049a       0x33 ..\obj\stm32f1xx_hal_rcc.o
 .ARM.attributes
                0x000004cd       0x2d c:/program files (x86)/gnu tools arm embedded/5.4 2016q3/bin/../lib/gcc/arm-none-eabi/5.4.1/../../../../arm-none-eabi/lib/armv7-m\libg.a(lib_a-impure.o)
 .ARM.attributes
                0x000004fa       0x2d c:/program files (x86)/gnu tools arm embedded/5.4 2016q3/bin/../lib/gcc/arm-none-eabi/5.4.1/../../../../arm-none-eabi/lib/armv7-m\libg.a(lib_a-__call_atexit.o)
 .ARM.attributes
                0x00000527       0x2d c:/program files (x86)/gnu tools arm embedded/5.4 2016q3/bin/../lib/gcc/arm-none-eabi/5.4.1/../../../../arm-none-eabi/lib/armv7-m\libg.a(lib_a-atexit.o)
 .ARM.attributes
                0x00000554       0x2d c:/program files (x86)/gnu tools arm embedded/5.4 2016q3/bin/../lib/gcc/arm-none-eabi/5.4.1/../../../../arm-none-eabi/lib/armv7-m\libg.a(lib_a-fini.o)
 .ARM.attributes
                0x00000581       0x2d c:/program files (x86)/gnu tools arm embedded/5.4 2016q3/bin/../lib/gcc/arm-none-eabi/5.4.1/../../../../arm-none-eabi/lib/armv7-m\libg.a(lib_a-__atexit.o)
 .ARM.attributes
                0x000005ae       0x2d c:/program files (x86)/gnu tools arm embedded/5.4 2016q3/bin/../lib/gcc/arm-none-eabi/5.4.1/armv7-m/crtend.o
 .ARM.attributes
                0x000005db       0x1d c:/program files (x86)/gnu tools arm embedded/5.4 2016q3/bin/../lib/gcc/arm-none-eabi/5.4.1/armv7-m/crtn.o

.comment        0x00000000       0x6e
 .comment       0x00000000       0x6e ..\obj\stm32f1xx_hal_cortex.o
                                 0x6f (size before relaxing)
 .comment       0x0000006e       0x6f ..\obj\stm32f1xx_hal_tim_ex.o
 .comment       0x0000006e       0x6f ..\obj\stm32f1xx_hal_rcc_ex.o
 .comment       0x0000006e       0x6f ..\obj\stm32f1xx_hal.o
 .comment       0x0000006e       0x6f ..\obj\usbd_hid.o
 .comment       0x0000006e       0x6f ..\obj\main.o
 .comment       0x0000006e       0x6f ..\obj\stm32f1xx_hal_dma.o
 .comment       0x0000006e       0x6f ..\obj\system_stm32f1xx.o
 .comment       0x0000006e       0x6f ..\obj\stm32f1xx_hal_gpio.o
 .comment       0x0000006e       0x6f ..\obj\usbd_desc.o
 .comment       0x0000006e       0x6f ..\obj\stm32f1xx_hal_pcd.o
 .comment       0x0000006e       0x6f ..\obj\stm32f1xx_it.o
 .comment       0x0000006e       0x6f ..\obj\usbd_conf.o
 .comment       0x0000006e       0x6f ..\obj\usbd_ioreq.o
 .comment       0x0000006e       0x6f ..\obj\usb_device.o
 .comment       0x0000006e       0x6f ..\obj\usbd_ctlreq.o
 .comment       0x0000006e       0x6f ..\obj\usbd_core.o
 .comment       0x0000006e       0x6f ..\obj\stm32f1xx_hal_pcd_ex.o
 .comment       0x0000006e       0x6f ..\obj\stm32f1xx_ll_usb.o
 .comment       0x0000006e       0x6f ..\obj\stm32f1xx_hal_msp.o
 .comment       0x0000006e       0x6f ..\obj\stm32f1xx_hal_tim.o
 .comment       0x0000006e       0x6f ..\obj\stm32f1xx_hal_rcc.o

.debug_info     0x00000000     0xe68a
 .debug_info    0x00000000      0xab4 ..\obj\stm32f1xx_hal_cortex.o
 .debug_info    0x00000ab4      0xea3 ..\obj\stm32f1xx_hal_tim_ex.o
 .debug_info    0x00001957      0x541 ..\obj\stm32f1xx_hal_rcc_ex.o
 .debug_info    0x00001e98      0x5dd ..\obj\stm32f1xx_hal.o
 .debug_info    0x00002475      0x7d1 ..\obj\usbd_hid.o
 .debug_info    0x00002c46      0xdd9 ..\obj\main.o
 .debug_info    0x00003a1f       0xa0 ..\obj\startup_stm32f10x_md.o
 .debug_info    0x00003abf      0x588 ..\obj\stm32f1xx_hal_dma.o
 .debug_info    0x00004047      0x3be ..\obj\system_stm32f1xx.o
 .debug_info    0x00004405      0x5f5 ..\obj\stm32f1xx_hal_gpio.o
 .debug_info    0x000049fa      0x37e ..\obj\usbd_desc.o
 .debug_info    0x00004d78      0xcb6 ..\obj\stm32f1xx_hal_pcd.o
 .debug_info    0x00005a2e      0x91c ..\obj\stm32f1xx_it.o
 .debug_info    0x0000634a     0x1298 ..\obj\usbd_conf.o
 .debug_info    0x000075e2      0x66b ..\obj\usbd_ioreq.o
 .debug_info    0x00007c4d      0x4dd ..\obj\usb_device.o
 .debug_info    0x0000812a      0x86b ..\obj\usbd_ctlreq.o
 .debug_info    0x00008995      0x90a ..\obj\usbd_core.o
 .debug_info    0x0000929f      0x5a2 ..\obj\stm32f1xx_hal_pcd_ex.o
 .debug_info    0x00009841      0xe64 ..\obj\stm32f1xx_ll_usb.o
 .debug_info    0x0000a6a5      0x825 ..\obj\stm32f1xx_hal_msp.o
 .debug_info    0x0000aeca     0x2106 ..\obj\stm32f1xx_hal_tim.o
 .debug_info    0x0000cfd0     0x16ba ..\obj\stm32f1xx_hal_rcc.o

.debug_abbrev   0x00000000     0x26cb
 .debug_abbrev  0x00000000      0x270 ..\obj\stm32f1xx_hal_cortex.o
 .debug_abbrev  0x00000270      0x1ff ..\obj\stm32f1xx_hal_tim_ex.o
 .debug_abbrev  0x0000046f      0x1eb ..\obj\stm32f1xx_hal_rcc_ex.o
 .debug_abbrev  0x0000065a      0x1f8 ..\obj\stm32f1xx_hal.o
 .debug_abbrev  0x00000852      0x1bb ..\obj\usbd_hid.o
 .debug_abbrev  0x00000a0d      0x1fd ..\obj\main.o
 .debug_abbrev  0x00000c0a       0x12 ..\obj\startup_stm32f10x_md.o
 .debug_abbrev  0x00000c1c      0x1b5 ..\obj\stm32f1xx_hal_dma.o
 .debug_abbrev  0x00000dd1      0x122 ..\obj\system_stm32f1xx.o
 .debug_abbrev  0x00000ef3      0x1ac ..\obj\stm32f1xx_hal_gpio.o
 .debug_abbrev  0x0000109f      0x13c ..\obj\usbd_desc.o
 .debug_abbrev  0x000011db      0x232 ..\obj\stm32f1xx_hal_pcd.o
 .debug_abbrev  0x0000140d      0x15f ..\obj\stm32f1xx_it.o
 .debug_abbrev  0x0000156c      0x25e ..\obj\usbd_conf.o
 .debug_abbrev  0x000017ca      0x12d ..\obj\usbd_ioreq.o
 .debug_abbrev  0x000018f7      0x12d ..\obj\usb_device.o
 .debug_abbrev  0x00001a24      0x1ed ..\obj\usbd_ctlreq.o
 .debug_abbrev  0x00001c11      0x1bd ..\obj\usbd_core.o
 .debug_abbrev  0x00001dce      0x15c ..\obj\stm32f1xx_hal_pcd_ex.o
 .debug_abbrev  0x00001f2a      0x18e ..\obj\stm32f1xx_ll_usb.o
 .debug_abbrev  0x000020b8      0x164 ..\obj\stm32f1xx_hal_msp.o
 .debug_abbrev  0x0000221c      0x208 ..\obj\stm32f1xx_hal_tim.o
 .debug_abbrev  0x00002424      0x2a7 ..\obj\stm32f1xx_hal_rcc.o

.debug_aranges  0x00000000      0x2e8
 .debug_aranges
                0x00000000       0x20 ..\obj\stm32f1xx_hal_cortex.o
 .debug_aranges
                0x00000020       0x20 ..\obj\stm32f1xx_hal_tim_ex.o
 .debug_aranges
                0x00000040       0x20 ..\obj\stm32f1xx_hal_rcc_ex.o
 .debug_aranges
                0x00000060       0x20 ..\obj\stm32f1xx_hal.o
 .debug_aranges
                0x00000080       0x20 ..\obj\usbd_hid.o
 .debug_aranges
                0x000000a0       0x20 ..\obj\main.o
 .debug_aranges
                0x000000c0       0x28 ..\obj\startup_stm32f10x_md.o
 .debug_aranges
                0x000000e8       0x20 ..\obj\stm32f1xx_hal_dma.o
 .debug_aranges
                0x00000108       0x20 ..\obj\system_stm32f1xx.o
 .debug_aranges
                0x00000128       0x20 ..\obj\stm32f1xx_hal_gpio.o
 .debug_aranges
                0x00000148       0x20 ..\obj\usbd_desc.o
 .debug_aranges
                0x00000168       0x20 ..\obj\stm32f1xx_hal_pcd.o
 .debug_aranges
                0x00000188       0x20 ..\obj\stm32f1xx_it.o
 .debug_aranges
                0x000001a8       0x20 ..\obj\usbd_conf.o
 .debug_aranges
                0x000001c8       0x20 ..\obj\usbd_ioreq.o
 .debug_aranges
                0x000001e8       0x20 ..\obj\usb_device.o
 .debug_aranges
                0x00000208       0x20 ..\obj\usbd_ctlreq.o
 .debug_aranges
                0x00000228       0x20 ..\obj\usbd_core.o
 .debug_aranges
                0x00000248       0x20 ..\obj\stm32f1xx_hal_pcd_ex.o
 .debug_aranges
                0x00000268       0x20 ..\obj\stm32f1xx_ll_usb.o
 .debug_aranges
                0x00000288       0x20 ..\obj\stm32f1xx_hal_msp.o
 .debug_aranges
                0x000002a8       0x20 ..\obj\stm32f1xx_hal_tim.o
 .debug_aranges
                0x000002c8       0x20 ..\obj\stm32f1xx_hal_rcc.o

.debug_line     0x00000000     0x6201
 .debug_line    0x00000000      0x31f ..\obj\stm32f1xx_hal_cortex.o
 .debug_line    0x0000031f      0x65d ..\obj\stm32f1xx_hal_tim_ex.o
 .debug_line    0x0000097c      0x3b1 ..\obj\stm32f1xx_hal_rcc_ex.o
 .debug_line    0x00000d2d      0x2dc ..\obj\stm32f1xx_hal.o
 .debug_line    0x00001009      0x2cf ..\obj\usbd_hid.o
 .debug_line    0x000012d8      0x3b6 ..\obj\main.o
 .debug_line    0x0000168e       0x9a ..\obj\startup_stm32f10x_md.o
 .debug_line    0x00001728      0x7cc ..\obj\stm32f1xx_hal_dma.o
 .debug_line    0x00001ef4      0x24d ..\obj\system_stm32f1xx.o
 .debug_line    0x00002141      0x406 ..\obj\stm32f1xx_hal_gpio.o
 .debug_line    0x00002547      0x209 ..\obj\usbd_desc.o
 .debug_line    0x00002750      0x5b0 ..\obj\stm32f1xx_hal_pcd.o
 .debug_line    0x00002d00      0x29a ..\obj\stm32f1xx_it.o
 .debug_line    0x00002f9a      0x377 ..\obj\usbd_conf.o
 .debug_line    0x00003311      0x234 ..\obj\usbd_ioreq.o
 .debug_line    0x00003545      0x27d ..\obj\usb_device.o
 .debug_line    0x000037c2      0x39a ..\obj\usbd_ctlreq.o
 .debug_line    0x00003b5c      0x2f2 ..\obj\usbd_core.o
 .debug_line    0x00003e4e      0x297 ..\obj\stm32f1xx_hal_pcd_ex.o
 .debug_line    0x000040e5      0x564 ..\obj\stm32f1xx_ll_usb.o
 .debug_line    0x00004649      0x293 ..\obj\stm32f1xx_hal_msp.o
 .debug_line    0x000048dc      0xc60 ..\obj\stm32f1xx_hal_tim.o
 .debug_line    0x0000553c      0xcc5 ..\obj\stm32f1xx_hal_rcc.o

.debug_str      0x00000000     0x3f71
 .debug_str     0x00000000      0x761 ..\obj\stm32f1xx_hal_cortex.o
                                0x8b5 (size before relaxing)
 .debug_str     0x00000761      0x98f ..\obj\stm32f1xx_hal_tim_ex.o
                                0xb6a (size before relaxing)
 .debug_str     0x000010f0      0x1f9 ..\obj\stm32f1xx_hal_rcc_ex.o
                                0x3c6 (size before relaxing)
 .debug_str     0x000012e9      0x204 ..\obj\stm32f1xx_hal.o
                                0x6fe (size before relaxing)
 .debug_str     0x000014ed      0x522 ..\obj\usbd_hid.o
                                0x730 (size before relaxing)
 .debug_str     0x00001a0f      0x29d ..\obj\main.o
                                0xf0b (size before relaxing)
 .debug_str     0x00001cac      0x171 ..\obj\stm32f1xx_hal_dma.o
                                0x4ff (size before relaxing)
 .debug_str     0x00001e1d       0xad ..\obj\system_stm32f1xx.o
                                0x2e7 (size before relaxing)
 .debug_str     0x00001eca      0x1d3 ..\obj\stm32f1xx_hal_gpio.o
                                0x41f (size before relaxing)
 .debug_str     0x0000209d      0x137 ..\obj\usbd_desc.o
                                0x3d5 (size before relaxing)
 .debug_str     0x000021d4      0x617 ..\obj\stm32f1xx_hal_pcd.o
                                0x89a (size before relaxing)
 .debug_str     0x000027eb       0x81 ..\obj\stm32f1xx_it.o
                                0x84a (size before relaxing)
 .debug_str     0x0000286c      0x195 ..\obj\usbd_conf.o
                                0xe80 (size before relaxing)
 .debug_str     0x00002a01       0xea ..\obj\usbd_ioreq.o
                                0x646 (size before relaxing)
 .debug_str     0x00002aeb       0x48 ..\obj\usb_device.o
                                0x581 (size before relaxing)
 .debug_str     0x00002b33      0x14d ..\obj\usbd_ctlreq.o
                                0x6be (size before relaxing)
 .debug_str     0x00002c80      0x1d0 ..\obj\usbd_core.o
                                0x738 (size before relaxing)
 .debug_str     0x00002e50       0x78 ..\obj\stm32f1xx_hal_pcd_ex.o
                                0x556 (size before relaxing)
 .debug_str     0x00002ec8      0x2f9 ..\obj\stm32f1xx_ll_usb.o
                                0x729 (size before relaxing)
 .debug_str     0x000031c1       0x82 ..\obj\stm32f1xx_hal_msp.o
                                0x8e6 (size before relaxing)
 .debug_str     0x00003243      0xb65 ..\obj\stm32f1xx_hal_tim.o
                               0x12d5 (size before relaxing)
 .debug_str     0x00003da8      0x1c9 ..\obj\stm32f1xx_hal_rcc.o
                                0x5e1 (size before relaxing)

.debug_frame    0x00000000     0x3b10
 .debug_frame   0x00000000      0x428 ..\obj\stm32f1xx_hal_cortex.o
 .debug_frame   0x00000428      0x54c ..\obj\stm32f1xx_hal_tim_ex.o
 .debug_frame   0x00000974       0x84 ..\obj\stm32f1xx_hal_rcc_ex.o
 .debug_frame   0x000009f8      0x278 ..\obj\stm32f1xx_hal.o
 .debug_frame   0x00000c70      0x140 ..\obj\usbd_hid.o
 .debug_frame   0x00000db0       0xb8 ..\obj\main.o
 .debug_frame   0x00000e68      0x194 ..\obj\stm32f1xx_hal_dma.o
 .debug_frame   0x00000ffc       0x58 ..\obj\system_stm32f1xx.o
 .debug_frame   0x00001054      0x14c ..\obj\stm32f1xx_hal_gpio.o
 .debug_frame   0x000011a0      0x114 ..\obj\usbd_desc.o
 .debug_frame   0x000012b4      0x4fc ..\obj\stm32f1xx_hal_pcd.o
 .debug_frame   0x000017b0       0x64 ..\obj\stm32f1xx_it.o
 .debug_frame   0x00001814      0x47c ..\obj\usbd_conf.o
 .debug_frame   0x00001c90      0x10c ..\obj\usbd_ioreq.o
 .debug_frame   0x00001d9c       0x2c ..\obj\usb_device.o
 .debug_frame   0x00001dc8      0x210 ..\obj\usbd_ctlreq.o
 .debug_frame   0x00001fd8      0x300 ..\obj\usbd_core.o
 .debug_frame   0x000022d8       0x60 ..\obj\stm32f1xx_hal_pcd_ex.o
 .debug_frame   0x00002338      0x4b0 ..\obj\stm32f1xx_ll_usb.o
 .debug_frame   0x000027e8       0x7c ..\obj\stm32f1xx_hal_msp.o
 .debug_frame   0x00002864      0xfb4 ..\obj\stm32f1xx_hal_tim.o
 .debug_frame   0x00003818      0x220 ..\obj\stm32f1xx_hal_rcc.o
 .debug_frame   0x00003a38       0x50 c:/program files (x86)/gnu tools arm embedded/5.4 2016q3/bin/../lib/gcc/arm-none-eabi/5.4.1/../../../../arm-none-eabi/lib/armv7-m\libg.a(lib_a-__call_atexit.o)
 .debug_frame   0x00003a88       0x20 c:/program files (x86)/gnu tools arm embedded/5.4 2016q3/bin/../lib/gcc/arm-none-eabi/5.4.1/../../../../arm-none-eabi/lib/armv7-m\libg.a(lib_a-atexit.o)
 .debug_frame   0x00003aa8       0x34 c:/program files (x86)/gnu tools arm embedded/5.4 2016q3/bin/../lib/gcc/arm-none-eabi/5.4.1/../../../../arm-none-eabi/lib/armv7-m\libg.a(lib_a-fini.o)
 .debug_frame   0x00003adc       0x34 c:/program files (x86)/gnu tools arm embedded/5.4 2016q3/bin/../lib/gcc/arm-none-eabi/5.4.1/../../../../arm-none-eabi/lib/armv7-m\libg.a(lib_a-__atexit.o)

.debug_ranges   0x00000000       0x20
 .debug_ranges  0x00000000       0x20 ..\obj\startup_stm32f10x_md.o
